{"level":"info","message":"Initializing rider routes","timestamp":"2025-06-09T06:45:08.344Z"}
{"level":"info","message":"Matching service started","timestamp":"2025-06-09T06:45:08.349Z"}
{"level":"info","message":"Starting server setup","timestamp":"2025-06-09T06:45:08.351Z"}
{"level":"info","message":"Loading express module","timestamp":"2025-06-09T06:45:08.351Z"}
{"level":"info","message":"Configuring middleware","timestamp":"2025-06-09T06:45:08.352Z"}
{"level":"info","message":"Mounting routes","timestamp":"2025-06-09T06:45:08.352Z"}
{"level":"info","message":"Mounting /location/captain","timestamp":"2025-06-09T06:45:08.352Z"}
{"level":"info","message":"Mounting /location/rider","timestamp":"2025-06-09T06:45:08.352Z"}
{"level":"info","message":"Mounting /ride","timestamp":"2025-06-09T06:45:08.352Z"}
{"level":"info","message":"Mounting /captains","timestamp":"2025-06-09T06:45:08.353Z"}
{"level":"info","message":"Mounting /","timestamp":"2025-06-09T06:45:08.353Z"}
{"level":"info","message":"Setting up 404 handler","timestamp":"2025-06-09T06:45:08.353Z"}
{"level":"info","message":"Starting server","timestamp":"2025-06-09T06:45:08.353Z"}
{"level":"info","message":"Location Server on :3002","timestamp":"2025-06-09T06:45:08.356Z"}
{"level":"info","message":"Redis Connected","timestamp":"2025-06-09T06:45:08.373Z"}
{"level":"info","message":"Redis Connected","timestamp":"2025-06-09T06:45:08.380Z"}
{"level":"info","message":"Initializing rider routes","timestamp":"2025-06-09T07:00:34.937Z"}
{"level":"info","message":"Matching service started","timestamp":"2025-06-09T07:00:34.942Z"}
{"level":"info","message":"Starting server setup","timestamp":"2025-06-09T07:00:34.944Z"}
{"level":"info","message":"Loading express module","timestamp":"2025-06-09T07:00:34.944Z"}
{"level":"info","message":"Configuring middleware","timestamp":"2025-06-09T07:00:34.945Z"}
{"level":"info","message":"Mounting routes","timestamp":"2025-06-09T07:00:34.945Z"}
{"level":"info","message":"Mounting /location/captain","timestamp":"2025-06-09T07:00:34.945Z"}
{"level":"info","message":"Mounting /location/rider","timestamp":"2025-06-09T07:00:34.946Z"}
{"level":"info","message":"Mounting /ride","timestamp":"2025-06-09T07:00:34.946Z"}
{"level":"info","message":"Mounting /captains","timestamp":"2025-06-09T07:00:34.946Z"}
{"level":"info","message":"Mounting /","timestamp":"2025-06-09T07:00:34.946Z"}
{"level":"info","message":"Setting up 404 handler","timestamp":"2025-06-09T07:00:34.946Z"}
{"level":"info","message":"Starting server","timestamp":"2025-06-09T07:00:34.946Z"}
{"level":"info","message":"Location Server on :3002","timestamp":"2025-06-09T07:00:34.949Z"}
{"level":"info","message":"Redis Connected","timestamp":"2025-06-09T07:00:34.957Z"}
{"level":"info","message":"Redis Connected","timestamp":"2025-06-09T07:00:34.964Z"}
